// Jest Snapshot v1, https://goo.gl/fbAQLP

exports[`Render SmallVideoPlayer 1`] = `
<div
  className="small-movie-card__image"
>
  <video
    className="player__video"
    onCanPlayThrough={[Function]}
    onTimeUpdate={[Function]}
    poster="img/the-grand-budapest-hotel.jpg"
    src="https://download.blender.org/durian/trailer/sintel_trailer-480p.mp4"
  />
</div>
`;
