// Jest Snapshot v1, https://goo.gl/fbAQLP

exports[`Render SmallMovieCard 1`] = `
<article
  className="small-movie-card catalog__movies-card"
  onMouseOut={[Function]}
  onMouseOver={[Function]}
>
  <div
    className="small-movie-card__image"
    onClick={[Function]}
  >
    <img
      alt="film1"
      height="175"
      src="img/film1.jpg"
      width="280"
    />
  </div>
  <h3
    className="small-movie-card__title"
  >
    <a
      className="small-movie-card__link"
      href="movie-page.html"
      onClick={[Function]}
    >
      film1
    </a>
  </h3>
</article>
`;
